using System;
using System.CommandLine;
using System.CommandLine.Invocation;
using System.Threading.Tasks;
namespace CliDefinition
{
   public class ACli
   {
      public Command ACommand()
      {
         var command = new Command("A");
         var oneOption = new Option<string>("one");
         command.Add(oneOption);
         command.SetHandler(MyCommand, oneOption);
         return command;
      }
   }
}
