using System;
using System.CommandLine;
using System.CommandLine.Invocation;
using System.Threading.Tasks;
namespace CliDefinition
{
   
   public class dotnetCli
   {
      public Command Command {get; set;}
      public dotnetCli()
      {
         Command = new Command("dotnet");
         projectOption = new Option<string>("project");
         Command.Add(projectOption);
         command.SetHandler(DotnetHandlers.Dotnet, projectOption);
      }
      public string projectOption {get; set;}
   }
   
   public class addCli
   {
      public Command Command {get; set;}
      public addCli()
      {
         Command = new Command("add");
         command.SetHandler();
      }
   }
   
   public class packageCli
   {
      public Command Command {get; set;}
      public packageCli()
      {
         Command = new Command("package");
         packageNameOption = new Option<string>("packageName");
         Command.Add(packageNameOption);
         versionOption = new Option<string>("version");
         Command.Add(versionOption);
         frameworkOption = new Option<string>("framework");
         Command.Add(frameworkOption);
         noRestoreOption = new Option<bool>("noRestore");
         Command.Add(noRestoreOption);
         sourceOption = new Option<string>("source");
         Command.Add(sourceOption);
         packageDirectoryOption = new Option<string>("packageDirectory");
         Command.Add(packageDirectoryOption);
         interactiveOption = new Option<bool>("interactive");
         Command.Add(interactiveOption);
         prereleaseOption = new Option<bool>("prerelease");
         Command.Add(prereleaseOption);
         command.SetHandler(DotnetHandlers.AddPackage, packageNameOption, versionOption, frameworkOption, noRestoreOption, sourceOption, packageDirectoryOption, interactiveOption, prereleaseOption);
      }
      public string packageNameOption {get; set;}
      public string versionOption {get; set;}
      public string frameworkOption {get; set;}
      public bool noRestoreOption {get; set;}
      public string sourceOption {get; set;}
      public string packageDirectoryOption {get; set;}
      public bool interactiveOption {get; set;}
      public bool prereleaseOption {get; set;}
   }
}
