using System;
using System.CommandLine;
using System.CommandLine.Invocation;
using System.Threading.Tasks;
namespace CliDefinition
{
}
