using System;
using System.CommandLine;
using System.CommandLine.Invocation;
using System.Threading.Tasks;
namespace CliDefinition
{
   public class dotnetCli
   {
      public Command DotnetCommand()
      {
         var command = new Command("dotnet");
         var projectOption = new Option<string>("project");
         command.Add(projectOption);
         command.SetHandler(DotnetHandlers.Dotnet, projectOption);
         return command;
      }
      public Command AddCommand()
      {
         var command = new Command("add");
         command.SetHandler();
         return command;
      }
      public Command PackageCommand()
      {
         var command = new Command("package");
         var packageNameOption = new Option<string>("packageName");
         command.Add(packageNameOption);
         var versionOption = new Option<string>("version");
         command.Add(versionOption);
         var frameworkOption = new Option<string>("framework");
         command.Add(frameworkOption);
         var noRestoreOption = new Option<bool>("noRestore");
         command.Add(noRestoreOption);
         var sourceOption = new Option<string>("source");
         command.Add(sourceOption);
         var packageDirectoryOption = new Option<string>("packageDirectory");
         command.Add(packageDirectoryOption);
         var interactiveOption = new Option<bool>("interactive");
         command.Add(interactiveOption);
         var prereleaseOption = new Option<bool>("prerelease");
         command.Add(prereleaseOption);
         command.SetHandler(DotnetHandlers.AddPackage, packageNameOption, versionOption, frameworkOption, noRestoreOption, sourceOption, packageDirectoryOption, interactiveOption, prereleaseOption);
         return command;
      }
   }
}
