using System;
using System.CommandLine;
using System.CommandLine.Invocation;
using System.Threading.Tasks;
namespace CliDefinition
{
   
   public class OriginalSeriesCli
   {
      public Command Command {get; set;}
      public OriginalSeriesCli()
      {
         Command = new Command("OriginalSeries");
         kirkOption = new Option<string>("kirk");
         Command.Add(kirkOption);
         spockOption = new Option<string>("spock");
         Command.Add(spockOption);
         uhuraOption = new Option<string>("uhura");
         Command.Add(uhuraOption);
         Command.SetHandler(CliApp.Handlers.OriginalSeries, kirkOption, spockOption, uhuraOption);
      }
      public Option<string> kirkOption {get; set;}
      public Option<string> spockOption {get; set;}
      public Option<string> uhuraOption {get; set;}
   }
   
   public class NextGenerationCli
   {
      public Command Command {get; set;}
      public NextGenerationCli()
      {
         Command = new Command("NextGeneration");
         picardOption = new Option<string>("picard");
         Command.Add(picardOption);
         Command.SetHandler(CliApp.Handlers.NextGeneration, picardOption);
      }
      public Option<string> picardOption {get; set;}
   }
   
   public class VoyagerCli
   {
      public Command Command {get; set;}
      public VoyagerCli()
      {
         Command = new Command("Voyager");
         janewayOption = new Option<string>("janeway");
         Command.Add(janewayOption);
         chakotayOption = new Option<string>("chakotay");
         Command.Add(chakotayOption);
         torresOption = new Option<string>("torres");
         Command.Add(torresOption);
         tuvokOption = new Option<bool>("tuvok");
         Command.Add(tuvokOption);
         sevenOfNineOption = new Option<string>("sevenOfNine");
         Command.Add(sevenOfNineOption);
         Command.SetHandler(CliApp.Handlers.Voyager, janewayOption, chakotayOption, torresOption, tuvokOption, sevenOfNineOption);
      }
      public Option<string> janewayOption {get; set;}
      public Option<string> chakotayOption {get; set;}
      public Option<string> torresOption {get; set;}
      public Option<bool> tuvokOption {get; set;}
      public Option<string> sevenOfNineOption {get; set;}
   }
}
