using System;
using System.CommandLine;
using System.CommandLine.Invocation;
using System.Threading.Tasks;
namespace CliDefinition
{
   
   public class NextGenerationCli
   {
      public Command Command {get; set;}
      public NextGenerationCli()
      {
         Command = new Command("NextGeneration");
         picardOption = new Option<string>("picard");
         Command.Add(picardOption);
         Command.SetHandler(CliApp.Handlers.NextGeneration, picardOption);
      }
      public Option<string> picardOption {get; set;}
   }
}
