using System;
using System.CommandLine;
using System.CommandLine.Invocation;
using System.Threading.Tasks;
using CommandBase;
using CliApp;
namespace CliApp42
{
}
